// Jest Snapshot v1, https://goo.gl/fbAQLP

exports[`Carousel should render the component 1`] = `
<View
  style={undefined}
>
  <RCTScrollView
    decelerationRate={0}
    horizontal={true}
    onScroll={[Function]}
    scrollEventThrottle={3}
    showsHorizontalScrollIndicator={false}
    snapToAlignment="start"
    snapToInterval={750}
    style={undefined}
  >
    <View>
      <View
        style={
          Array [
            undefined,
            Object {
              "width": 750,
            },
          ]
        }
      >
        <Image
          source={1}
        />
      </View>
      <View
        style={
          Array [
            undefined,
            Object {
              "width": 750,
            },
          ]
        }
      >
        <Image
          source={1}
        />
      </View>
      <View
        style={
          Array [
            undefined,
            Object {
              "width": 750,
            },
          ]
        }
      >
        <Image
          source={1}
        />
      </View>
    </View>
  </RCTScrollView>
  <View
    style={undefined}
  >
    <View
      style={
        Array [
          undefined,
          undefined,
        ]
      }
    >
      <View
        style={undefined}
      />
    </View>
    <View
      style={undefined}
    >
      <View
        style={undefined}
      />
    </View>
    <View
      style={undefined}
    >
      <View
        style={undefined}
      />
    </View>
  </View>
</View>
`;
