// Jest Snapshot v1, https://goo.gl/fbAQLP

exports[`FlexibleHeaderLayout component should render the component 1`] = `
<View
  style={
    Array [
      undefined,
      Object {},
    ]
  }
>
  <View
    collapsable={undefined}
    style={
      Object {
        "backgroundColor": "rgba(255, 255, 255, 1)",
        "height": 90,
      }
    }
  >
    <View
      accessibilityComponentType={undefined}
      accessibilityLabel={undefined}
      accessibilityTraits={undefined}
      accessible={true}
      collapsable={undefined}
      hitSlop={undefined}
      isTVSelectable={true}
      nativeID={undefined}
      onLayout={undefined}
      onResponderGrant={[Function]}
      onResponderMove={[Function]}
      onResponderRelease={[Function]}
      onResponderTerminate={[Function]}
      onResponderTerminationRequest={[Function]}
      onStartShouldSetResponder={[Function]}
      style={
        Object {
          "opacity": 1,
        }
      }
      testID={undefined}
      tvParallaxProperties={undefined}
    >
      <Image
        source={1}
      />
    </View>
    <Text
      accessible={true}
      allowFontScaling={true}
      disabled={false}
      ellipsizeMode="tail"
      style={undefined}
    />
  </View>
  <RCTScrollView
    contentContainerStyle={undefined}
    onScroll={[Function]}
    scrollEventThrottle={16}
    showsVerticalScrollIndicator={false}
  >
    <View>
      <View>
        <Text
          accessible={true}
          allowFontScaling={true}
          disabled={false}
          ellipsizeMode="tail"
        >
          Test
        </Text>
      </View>
    </View>
  </RCTScrollView>
</View>
`;
