// Jest Snapshot v1, https://goo.gl/fbAQLP

exports[`Background should render the component 1`] = `
<View
  style={undefined}
/>
`;
