// Jest Snapshot v1, https://goo.gl/fbAQLP

exports[`Question should render the component 1`] = `
<View
  collapsable={undefined}
  style={
    Object {
      "opacity": 1,
    }
  }
>
  <View
    style={undefined}
  >
    <View
      style={undefined}
    >
      <Text
        accessible={true}
        allowFontScaling={true}
        disabled={false}
        ellipsizeMode="tail"
      >
        <Text
          accessible={true}
          allowFontScaling={true}
          disabled={false}
          ellipsizeMode="tail"
          initialDelay={200}
          maxDelay={100}
          minDelay={20}
          onTypingEnd={[Function]}
          style={
            Array [
              undefined,
              Object {
                "color": "#FFDF2D",
              },
            ]
          }
          typing={1}
        >
          
        </Text>
      </Text>
      <Text
        accessible={true}
        allowFontScaling={true}
        disabled={false}
        ellipsizeMode="tail"
      >
        <Text
          accessible={true}
          allowFontScaling={true}
          disabled={false}
          ellipsizeMode="tail"
          initialDelay={200}
          maxDelay={100}
          minDelay={20}
          onTypingEnd={[Function]}
          style={
            Array [
              undefined,
              Object {
                "color": "#FFDF2D",
              },
            ]
          }
          typing={0}
        >
          
        </Text>
      </Text>
    </View>
    <View
      style={undefined}
    >
      <Image
        source={1}
        style={undefined}
      />
    </View>
  </View>
  <View
    collapsable={undefined}
    style={
      Object {
        "bottom": 25,
        "opacity": 1,
        "position": "absolute",
      }
    }
  >
    <View
      accessibilityComponentType={undefined}
      accessibilityLabel={undefined}
      accessibilityTraits={undefined}
      accessible={true}
      collapsable={undefined}
      hitSlop={undefined}
      isTVSelectable={true}
      nativeID={undefined}
      onLayout={undefined}
      onResponderGrant={[Function]}
      onResponderMove={[Function]}
      onResponderRelease={[Function]}
      onResponderTerminate={[Function]}
      onResponderTerminationRequest={[Function]}
      onStartShouldSetResponder={[Function]}
      style={
        Object {
          "opacity": 1,
        }
      }
      testID={undefined}
      tvParallaxProperties={undefined}
    >
      <Text
        accessible={true}
        allowFontScaling={true}
        disabled={false}
        ellipsizeMode="tail"
        style={undefined}
      >
        
      </Text>
    </View>
    <View
      accessibilityComponentType={undefined}
      accessibilityLabel={undefined}
      accessibilityTraits={undefined}
      accessible={true}
      collapsable={undefined}
      hitSlop={undefined}
      isTVSelectable={true}
      nativeID={undefined}
      onLayout={undefined}
      onResponderGrant={[Function]}
      onResponderMove={[Function]}
      onResponderRelease={[Function]}
      onResponderTerminate={[Function]}
      onResponderTerminationRequest={[Function]}
      onStartShouldSetResponder={[Function]}
      style={
        Object {
          "opacity": 1,
        }
      }
      testID={undefined}
      tvParallaxProperties={undefined}
    >
      <Text
        accessible={true}
        allowFontScaling={true}
        disabled={false}
        ellipsizeMode="tail"
        style={undefined}
      >
        
      </Text>
    </View>
  </View>
</View>
`;
