// Jest Snapshot v1, https://goo.gl/fbAQLP

exports[`Label should render the component 1`] = `
<View
  style={undefined}
>
  <Text
    accessible={true}
    allowFontScaling={true}
    disabled={false}
    ellipsizeMode="tail"
    style={undefined}
  >
    Some label
  </Text>
</View>
`;
