// Jest Snapshot v1, https://goo.gl/fbAQLP

exports[`Register should render the component 1`] = `
<View
  collapsable={undefined}
  style={
    Object {
      "opacity": 100,
    }
  }
>
  <View
    style={undefined}
  >
    <View
      accessibilityComponentType={undefined}
      accessibilityLabel={undefined}
      accessibilityTraits={undefined}
      accessible={true}
      collapsable={undefined}
      hitSlop={undefined}
      isTVSelectable={true}
      nativeID={undefined}
      onLayout={undefined}
      onResponderGrant={[Function]}
      onResponderMove={[Function]}
      onResponderRelease={[Function]}
      onResponderTerminate={[Function]}
      onResponderTerminationRequest={[Function]}
      onStartShouldSetResponder={[Function]}
      style={
        Object {
          "opacity": 1,
        }
      }
      testID={undefined}
      tvParallaxProperties={undefined}
    >
      <Image
        source={1}
        style={undefined}
      />
    </View>
  </View>
  <View
    onLayout={[Function]}
    style={undefined}
  >
    <View
      style={undefined}
    >
      <TextInput
        autoCapitalize="none"
        autoCorrect={false}
        autoFocus={true}
        keyboardType="default"
        onChangeText={[Function]}
        onSubmitEditing={[Function]}
        placeholder="Email"
        placeholderTextColor={undefined}
        returnKeyType="next"
        secureTextEntry={false}
        style={
          Array [
            undefined,
            Object {
              "color": undefined,
            },
          ]
        }
        underlineColorAndroid="transparent"
        value=""
      />
    </View>
    <View
      style={undefined}
    >
      <View
        collapsable={undefined}
        style={
          Object {
            "width": 100,
          }
        }
      />
    </View>
  </View>
  <View
    style={undefined}
  >
    <View
      accessibilityComponentType={undefined}
      accessibilityLabel={undefined}
      accessibilityTraits={undefined}
      accessible={true}
      collapsable={undefined}
      hitSlop={undefined}
      isTVSelectable={true}
      nativeID={undefined}
      onLayout={undefined}
      onResponderGrant={[Function]}
      onResponderMove={[Function]}
      onResponderRelease={[Function]}
      onResponderTerminate={[Function]}
      onResponderTerminationRequest={[Function]}
      onStartShouldSetResponder={[Function]}
      style={
        Object {
          "opacity": 1,
        }
      }
      testID={undefined}
      tvParallaxProperties={undefined}
    >
      <Image
        source={1}
        style={undefined}
      />
    </View>
  </View>
</View>
`;
